
REAL MEASURED-HOLD DDS TIMING DIAGNOSTIC.
This creates arm and Dex3 command publishers and acquires arm authority.
It remains in measured HOLD for 300s, then releases.
It cannot initialize, contact the camera/GR00T, warm-start, or submit actions.
Use Regular mode, clear/support the workspace, hold the physical E-stop,
and stop every other arm/hand writer. Never press Ctrl-Z.
Type exactly HOLD-TIMING-107479 then Enter; anything else cancels: 2026-08-12 12:13:03,969 WARNING DDS_HOLD_READY publishers exist; no DDS command has been written yet
2026-08-12 12:13:05,974 INFO Arm authority acquisition completed in 1.494s: weight ramp=1.492s, zero-weight arm write=0.001s, hand hold write=0.001s, arm writes=142, skipped 100 Hz ticks=8, max arm cycle=0.017s
2026-08-12 12:13:05,994 WARNING DDS_HOLD_ARMED pre-initialization measured HOLD active; timing for 300.0s
2026-08-12 12:13:20,144 WARNING Dex3 state pause in pre-initialization hold: left/right age 0.141s exceeded soft 0.075s; freezing commands (hard fault at 1.000s)
2026-08-12 12:13:20,189 WARNING Actuator paused for short Dex3 feedback loss: {'context': 'pre-initialization hold', 'hands': ('left', 'right'), 'age_s': 0.14100876900010917, 'warning_age_s': 0.075, 'hard_age_s': 1.0}
2026-08-12 12:13:20,338 INFO Dex3 state recovered in pre-initialization hold after 0.194s and 5 consecutive fresh samples
2026-08-12 12:13:20,398 INFO Actuator Dex3 feedback recovered: {'context': 'pre-initialization hold', 'pause_s': 0.19438713399995322, 'fresh_samples': 5}
2026-08-12 12:13:20,418 WARNING Dex3 state pause in pre-initialization hold: right age 0.089s exceeded soft 0.075s; freezing commands (hard fault at 1.000s)
2026-08-12 12:13:20,451 WARNING Actuator paused for short Dex3 feedback loss: {'context': 'pre-initialization hold', 'hands': ('right',), 'age_s': 0.08852110400039237, 'warning_age_s': 0.075, 'hard_age_s': 1.0}
2026-08-12 12:13:20,755 INFO Dex3 state recovered in pre-initialization hold after 0.337s and 5 consecutive fresh samples
2026-08-12 12:13:20,804 INFO Actuator Dex3 feedback recovered: {'context': 'pre-initialization hold', 'pause_s': 0.3370270049999817, 'fresh_samples': 5}
2026-08-12 12:13:22,310 WARNING Dex3 state pause in pre-initialization hold: left/right age 0.147s exceeded soft 0.075s; freezing commands (hard fault at 1.000s)
2026-08-12 12:13:22,327 WARNING Actuator paused for short Dex3 feedback loss: {'context': 'pre-initialization hold', 'hands': ('left', 'right'), 'age_s': 0.14696069300043746, 'warning_age_s': 0.075, 'hard_age_s': 1.0}
2026-08-12 12:13:22,486 INFO Dex3 state recovered in pre-initialization hold after 0.176s and 5 consecutive fresh samples
2026-08-12 12:13:22,530 INFO Actuator Dex3 feedback recovered: {'context': 'pre-initialization hold', 'pause_s': 0.17592620799950964, 'fresh_samples': 5}
2026-08-12 12:13:39,347 WARNING Dex3 state pause in pre-initialization hold: left/right age 0.078s exceeded soft 0.075s; freezing commands (hard fault at 1.000s)
2026-08-12 12:13:39,397 WARNING Actuator paused for short Dex3 feedback loss: {'context': 'pre-initialization hold', 'hands': ('left', 'right'), 'age_s': 0.0776917430002868, 'warning_age_s': 0.075, 'hard_age_s': 1.0}
2026-08-12 12:13:39,687 INFO Dex3 state recovered in pre-initialization hold after 0.340s and 5 consecutive fresh samples
2026-08-12 12:13:39,699 INFO Actuator Dex3 feedback recovered: {'context': 'pre-initialization hold', 'pause_s': 0.34003707800002303, 'fresh_samples': 5}
2026-08-12 12:13:39,821 WARNING Dex3 state pause in pre-initialization hold: left/right age 0.076s exceeded soft 0.075s; freezing commands (hard fault at 1.000s)
2026-08-12 12:13:39,904 WARNING Actuator paused for short Dex3 feedback loss: {'context': 'pre-initialization hold', 'hands': ('left', 'right'), 'age_s': 0.07573392199992668, 'warning_age_s': 0.075, 'hard_age_s': 1.0}
2026-08-12 12:13:40,071 INFO Dex3 state recovered in pre-initialization hold after 0.250s and 5 consecutive fresh samples
2026-08-12 12:13:40,105 INFO Actuator Dex3 feedback recovered: {'context': 'pre-initialization hold', 'pause_s': 0.25008301400066557, 'fresh_samples': 5}
2026-08-12 12:13:47,218 WARNING Dex3 state pause in pre-initialization hold: left/right age 0.086s exceeded soft 0.075s; freezing commands (hard fault at 1.000s)
2026-08-12 12:13:47,222 WARNING Actuator paused for short Dex3 feedback loss: {'context': 'pre-initialization hold', 'hands': ('left', 'right'), 'age_s': 0.08578099200076394, 'warning_age_s': 0.075, 'hard_age_s': 1.0}
2026-08-12 12:13:47,750 INFO Dex3 state recovered in pre-initialization hold after 0.532s and 5 consecutive fresh samples
2026-08-12 12:13:47,778 INFO Actuator Dex3 feedback recovered: {'context': 'pre-initialization hold', 'pause_s': 0.5323222589995567, 'fresh_samples': 5}
2026-08-12 12:13:53,004 WARNING Dex3 state pause in pre-initialization hold: left/right age 0.079s exceeded soft 0.075s; freezing commands (hard fault at 1.000s)
2026-08-12 12:13:53,023 WARNING Actuator paused for short Dex3 feedback loss: {'context': 'pre-initialization hold', 'hands': ('left', 'right'), 'age_s': 0.07860589500069182, 'warning_age_s': 0.075, 'hard_age_s': 1.0}
2026-08-12 12:13:53,352 INFO Dex3 state recovered in pre-initialization hold after 0.348s and 5 consecutive fresh samples
2026-08-12 12:13:53,376 INFO Actuator Dex3 feedback recovered: {'context': 'pre-initialization hold', 'pause_s': 0.34753024299971, 'fresh_samples': 5}
2026-08-12 12:13:55,697 WARNING Dex3 state pause in pre-initialization hold: left/right age 0.100s exceeded soft 0.075s; freezing commands (hard fault at 1.000s)
2026-08-12 12:13:55,745 WARNING Actuator paused for short Dex3 feedback loss: {'context': 'pre-initialization hold', 'hands': ('left', 'right'), 'age_s': 0.10001588000068296, 'warning_age_s': 0.075, 'hard_age_s': 1.0}
2026-08-12 12:13:55,919 INFO Dex3 state recovered in pre-initialization hold after 0.221s and 5 consecutive fresh samples
2026-08-12 12:13:55,947 INFO Actuator Dex3 feedback recovered: {'context': 'pre-initialization hold', 'pause_s': 0.22126298999955907, 'fresh_samples': 5}
2026-08-12 12:13:56,092 WARNING Dex3 state pause in pre-initialization hold: left/right age 0.083s exceeded soft 0.075s; freezing commands (hard fault at 1.000s)
2026-08-12 12:13:56,151 WARNING Actuator paused for short Dex3 feedback loss: {'context': 'pre-initialization hold', 'hands': ('left', 'right'), 'age_s': 0.08302555499994924, 'warning_age_s': 0.075, 'hard_age_s': 1.0}
2026-08-12 12:13:56,493 INFO Dex3 state recovered in pre-initialization hold after 0.401s and 5 consecutive fresh samples
2026-08-12 12:13:56,554 INFO Actuator Dex3 feedback recovered: {'context': 'pre-initialization hold', 'pause_s': 0.40074925199951394, 'fresh_samples': 5}
2026-08-12 12:13:57,110 WARNING Dex3 state pause in pre-initialization hold: left/right age 0.088s exceeded soft 0.075s; freezing commands (hard fault at 1.000s)
2026-08-12 12:13:57,159 WARNING Actuator paused for short Dex3 feedback loss: {'context': 'pre-initialization hold', 'hands': ('left', 'right'), 'age_s': 0.08825066100052936, 'warning_age_s': 0.075, 'hard_age_s': 1.0}
2026-08-12 12:13:57,296 INFO Dex3 state recovered in pre-initialization hold after 0.186s and 5 consecutive fresh samples
2026-08-12 12:13:57,411 INFO Actuator Dex3 feedback recovered: {'context': 'pre-initialization hold', 'pause_s': 0.18618242199954693, 'fresh_samples': 5}
2026-08-12 12:13:59,435 WARNING Dex3 state pause in pre-initialization hold: left/right age 0.078s exceeded soft 0.075s; freezing commands (hard fault at 1.000s)
2026-08-12 12:13:59,478 WARNING Actuator paused for short Dex3 feedback loss: {'context': 'pre-initialization hold', 'hands': ('left', 'right'), 'age_s': 0.07813095899928157, 'warning_age_s': 0.075, 'hard_age_s': 1.0}
2026-08-12 12:13:59,629 INFO Dex3 state recovered in pre-initialization hold after 0.194s and 5 consecutive fresh samples
2026-08-12 12:13:59,680 INFO Actuator Dex3 feedback recovered: {'context': 'pre-initialization hold', 'pause_s': 0.1935483130000648, 'fresh_samples': 5}
2026-08-12 12:14:00,068 WARNING Dex3 state pause in pre-initialization hold: left/right age 0.130s exceeded soft 0.075s; freezing commands (hard fault at 1.000s)
2026-08-12 12:14:00,134 WARNING Actuator paused for short Dex3 feedback loss: {'context': 'pre-initialization hold', 'hands': ('left', 'right'), 'age_s': 0.1298407929998575, 'warning_age_s': 0.075, 'hard_age_s': 1.0}
2026-08-12 12:14:00,767 INFO Dex3 state recovered in pre-initialization hold after 0.699s and 5 consecutive fresh samples
2026-08-12 12:14:00,792 INFO Actuator Dex3 feedback recovered: {'context': 'pre-initialization hold', 'pause_s': 0.698670882999977, 'fresh_samples': 5}
2026-08-12 12:14:01,441 WARNING Dex3 state pause in pre-initialization hold: left/right age 0.088s exceeded soft 0.075s; freezing commands (hard fault at 1.000s)
2026-08-12 12:14:01,504 WARNING Actuator paused for short Dex3 feedback loss: {'context': 'pre-initialization hold', 'hands': ('left', 'right'), 'age_s': 0.08795902399924671, 'warning_age_s': 0.075, 'hard_age_s': 1.0}
2026-08-12 12:14:01,967 INFO Dex3 state recovered in pre-initialization hold after 0.526s and 5 consecutive fresh samples
2026-08-12 12:14:02,059 INFO Actuator Dex3 feedback recovered: {'context': 'pre-initialization hold', 'pause_s': 0.5257719420005742, 'fresh_samples': 5}
2026-08-12 12:14:08,100 WARNING Dex3 state pause in pre-initialization hold: left/right age 0.079s exceeded soft 0.075s; freezing commands (hard fault at 1.000s)
2026-08-12 12:14:08,161 WARNING Actuator paused for short Dex3 feedback loss: {'context': 'pre-initialization hold', 'hands': ('left', 'right'), 'age_s': 0.07943637799962744, 'warning_age_s': 0.075, 'hard_age_s': 1.0}
2026-08-12 12:14:08,428 INFO Dex3 state recovered in pre-initialization hold after 0.328s and 5 consecutive fresh samples
2026-08-12 12:14:08,516 INFO Actuator Dex3 feedback recovered: {'context': 'pre-initialization hold', 'pause_s': 0.32817543300006946, 'fresh_samples': 5}
2026-08-12 12:14:10,276 WARNING Dex3 state pause in pre-initialization hold: left/right age 0.126s exceeded soft 0.075s; freezing commands (hard fault at 1.000s)
2026-08-12 12:14:10,282 WARNING Actuator paused for short Dex3 feedback loss: {'context': 'pre-initialization hold', 'hands': ('left', 'right'), 'age_s': 0.12572317899957852, 'warning_age_s': 0.075, 'hard_age_s': 1.0}
2026-08-12 12:14:10,488 INFO Dex3 state recovered in pre-initialization hold after 0.212s and 5 consecutive fresh samples
2026-08-12 12:14:10,533 INFO Actuator Dex3 feedback recovered: {'context': 'pre-initialization hold', 'pause_s': 0.21212480899976072, 'fresh_samples': 5}
2026-08-12 12:14:12,383 WARNING Dex3 state pause in pre-initialization hold: left/right age 0.091s exceeded soft 0.075s; freezing commands (hard fault at 1.000s)
2026-08-12 12:14:12,451 WARNING Actuator paused for short Dex3 feedback loss: {'context': 'pre-initialization hold', 'hands': ('left', 'right'), 'age_s': 0.09084095599973807, 'warning_age_s': 0.075, 'hard_age_s': 1.0}
2026-08-12 12:14:12,689 INFO Dex3 state recovered in pre-initialization hold after 0.306s and 5 consecutive fresh samples
2026-08-12 12:14:12,704 INFO Actuator Dex3 feedback recovered: {'context': 'pre-initialization hold', 'pause_s': 0.306117211000128, 'fresh_samples': 5}
2026-08-12 12:14:16,096 WARNING Dex3 state pause in pre-initialization hold: left/right age 0.081s exceeded soft 0.075s; freezing commands (hard fault at 1.000s)
2026-08-12 12:14:16,134 WARNING Actuator paused for short Dex3 feedback loss: {'context': 'pre-initialization hold', 'hands': ('left', 'right'), 'age_s': 0.08088838599996961, 'warning_age_s': 0.075, 'hard_age_s': 1.0}
2026-08-12 12:14:16,537 INFO Dex3 state recovered in pre-initialization hold after 0.441s and 5 consecutive fresh samples
2026-08-12 12:14:16,587 INFO Actuator Dex3 feedback recovered: {'context': 'pre-initialization hold', 'pause_s': 0.4410750899996856, 'fresh_samples': 5}
2026-08-12 12:14:19,891 WARNING Dex3 state pause in pre-initialization hold: left/right age 0.112s exceeded soft 0.075s; freezing commands (hard fault at 1.000s)
2026-08-12 12:14:19,922 WARNING Actuator paused for short Dex3 feedback loss: {'context': 'pre-initialization hold', 'hands': ('left', 'right'), 'age_s': 0.11157741199986049, 'warning_age_s': 0.075, 'hard_age_s': 1.0}
2026-08-12 12:14:20,075 INFO Dex3 state recovered in pre-initialization hold after 0.184s and 5 consecutive fresh samples
2026-08-12 12:14:20,124 INFO Actuator Dex3 feedback recovered: {'context': 'pre-initialization hold', 'pause_s': 0.183942030000253, 'fresh_samples': 5}
2026-08-12 12:14:24,882 INFO Arm authority release started at weight 1.0000
2026-08-12 12:14:26,391 INFO Arm authority release ended in 1.508s: writes=87, skipped 100 Hz ticks=63, max arm cycle=0.016s, last successful weight=0.0000
2026-08-12 12:14:26,391 INFO Dex3 stopMotors phase finished in 0.000s
[Reader] take sample error
[Reader] take sample error
[Reader] take sample error
[Reader] take sample error
[Reader] take sample error
2026-08-12 12:14:26,985 WARNING DDS_HOLD_LOCAL_STOP_ACKNOWLEDGED
2026-08-12 12:14:26,985 WARNING DDS_HOLD_COMPLETE samples=3167 elapsed=78.123s achieved=40.54Hz pauses=18 recoveries=18 max_pause=0.699s
2026-08-12 12:14:26,985 WARNING DDS_HOLD_METRIC cycle_ms: mean=24.613 p50=13.614 p95=75.573 p99=129.461 max=369.308 ms
2026-08-12 12:14:26,985 WARNING DDS_HOLD_METRIC lateness_ms: mean=14.613 p50=3.614 p95=65.573 p99=119.461 max=359.308 ms
2026-08-12 12:14:26,985 WARNING DDS_HOLD_METRIC work_ms: mean=3.612 p50=1.461 p95=10.411 p99=55.956 max=227.713 ms
2026-08-12 12:14:26,985 WARNING DDS_HOLD_METRIC state_lookup_ms: mean=0.271 p50=0.128 p95=0.404 p99=0.902 max=139.140 ms
2026-08-12 12:14:26,985 WARNING DDS_HOLD_METRIC arm_age_ms: mean=7.249 p50=2.046 p95=31.022 p99=62.075 max=279.822 ms
2026-08-12 12:14:26,985 WARNING DDS_HOLD_METRIC left_age_ms: mean=9.445 p50=2.480 p95=43.040 p99=87.094 max=228.054 ms
2026-08-12 12:14:26,985 WARNING DDS_HOLD_METRIC right_age_ms: mean=9.481 p50=2.427 p95=43.076 p99=88.006 max=227.905 ms
2026-08-12 12:14:26,985 WARNING DDS_HOLD_METRIC arm_state_check_ms: mean=0.284 p50=0.064 p95=0.352 p99=0.947 max=166.046 ms
2026-08-12 12:14:26,985 WARNING DDS_HOLD_METRIC arm_crc_ms: mean=0.935 p50=0.187 p95=1.226 p99=23.067 max=113.081 ms
2026-08-12 12:14:26,985 WARNING DDS_HOLD_METRIC arm_write_ms: mean=0.406 p50=0.335 p95=0.692 p99=1.498 max=5.433 ms
2026-08-12 12:14:26,985 WARNING DDS_HOLD_METRIC left_write_ms: mean=0.144 p50=0.100 p95=0.334 p99=0.558 max=5.009 ms
2026-08-12 12:14:26,985 WARNING DDS_HOLD_METRIC right_write_ms: mean=0.126 p50=0.079 p95=0.311 p99=0.527 max=15.495 ms
2026-08-12 12:14:26,985 WARNING DDS_HOLD_METRIC publish_total_ms: mean=2.517 p50=1.113 p95=4.870 p99=37.563 max=167.051 ms
2026-08-12 12:14:26,985 WARNING DDS_HOLD_OVERRUNS {"cycle_over_100ms": 84, "cycle_over_20ms": 1089, "cycle_over_50ms": 339, "cycle_over_75ms": 160, "work_over_100ms": 9, "work_over_20ms": 106, "work_over_50ms": 39, "work_over_75ms": 16}
2026-08-12 12:14:26,985 WARNING DDS_HOLD_SLOW {"arm_age_ms": 65.83792600031302, "arm_write_ms": 0.325762, "at_s": 66.25786722800058, "cycle_ms": 369.3081669998719, "left_age_ms": 2.267247999952815, "left_write_ms": 0.119712, "right_age_ms": 2.097367000715167, "right_write_ms": 0.108546, "sample": 2798, "score_ms": 369.3081669998719, "work_ms": 2.018364000832662, "worst_stage": "arm_write_ms", "worst_stage_ms": 0.325762}
2026-08-12 12:14:26,985 WARNING DDS_HOLD_SLOW {"arm_age_ms": 4.163775999586505, "arm_write_ms": 0.312387, "at_s": 37.39740452499973, "cycle_ms": 276.1914579996301, "left_age_ms": 2.2573319993171026, "left_write_ms": 0.090503, "right_age_ms": 1.496636999945622, "right_write_ms": 0.073211, "sample": 2002, "score_ms": 276.1914579996301, "work_ms": 1.3955089998489711, "worst_stage": "arm_write_ms", "worst_stage_ms": 0.312387}
2026-08-12 12:14:26,985 WARNING DDS_HOLD_SLOW {"arm_age_ms": 5.842169999596081, "arm_write_ms": 0.284552, "at_s": 64.8250438340001, "cycle_ms": 231.87002399936318, "left_age_ms": 2.0009889994980767, "left_write_ms": 0.116921, "right_age_ms": 2.1928710002612206, "right_write_ms": 0.203132, "sample": 2765, "score_ms": 231.87002399936318, "work_ms": 1.7771470002116985, "worst_stage": "arm_write_ms", "worst_stage_ms": 0.284552}
2026-08-12 12:14:26,986 WARNING DDS_HOLD_SLOW {"arm_age_ms": 238.2700799998929, "arm_write_ms": 0.352596, "at_s": 37.347530836999795, "cycle_ms": 17.82223099962721, "left_age_ms": 228.0544999994163, "left_write_ms": 0.185632, "right_age_ms": 227.9049529997792, "right_write_ms": 0.099045, "sample": 2001, "score_ms": 227.71327899954485, "work_ms": 227.71327899954485, "worst_stage": "arm_state_check_ms", "worst_stage_ms": 166.045745}
2026-08-12 12:14:26,986 WARNING DDS_HOLD_SLOW {"arm_age_ms": 1.695937000476988, "arm_write_ms": 0.484476, "at_s": 57.425137586000346, "cycle_ms": 225.2424999996947, "left_age_ms": 44.86895999980334, "left_write_ms": 0.102295, "right_age_ms": 44.716747000165924, "right_write_ms": 0.076169, "sample": 2528, "score_ms": 225.2424999996947, "work_ms": 1.6208920005738037, "worst_stage": "arm_write_ms", "worst_stage_ms": 0.484476}
2026-08-12 12:14:26,986 WARNING DDS_HOLD_SLOW {"arm_age_ms": 279.8218859998087, "arm_write_ms": 0.94941, "at_s": 64.81624126600036, "cycle_ms": 10.768849000669434, "left_age_ms": 225.04115199990338, "left_write_ms": 0.08717, "right_age_ms": 224.89506300007633, "right_write_ms": 0.167423, "sample": 2764, "score_ms": 224.84460299983766, "work_ms": 224.84460299983766, "worst_stage": "arm_write_ms", "worst_stage_ms": 0.94941}
2026-08-12 12:14:26,986 WARNING DDS_HOLD_SLOW {"arm_age_ms": 8.468807000099332, "arm_write_ms": 0.474434, "at_s": 55.8824051040001, "cycle_ms": 214.46590299910895, "left_age_ms": 2.9439399995681015, "left_write_ms": 0.124588, "right_age_ms": 2.7861010003107367, "right_write_ms": 0.063627, "sample": 2505, "score_ms": 214.46590299910895, "work_ms": 2.4258800003735814, "worst_stage": "arm_state_check_ms", "worst_stage_ms": 0.689775}
2026-08-12 12:14:26,986 WARNING DDS_HOLD_SLOW {"arm_age_ms": 16.03587499994319, "arm_write_ms": 0.347263, "at_s": 36.16735054899982, "cycle_ms": 199.58196700008557, "left_age_ms": 9.787146999769902, "left_write_ms": 0.097879, "right_age_ms": 9.926360999997996, "right_write_ms": 0.097795, "sample": 1976, "score_ms": 199.58196700008557, "work_ms": 9.099621999666851, "worst_stage": "arm_crc_ms", "worst_stage_ms": 7.366601}
2026-08-12 12:14:26,986 WARNING DDS_HOLD_SLOW {"arm_age_ms": 41.901896000126726, "arm_write_ms": 0.636523, "at_s": 50.87137640400033, "cycle_ms": 191.31406800079276, "left_age_ms": 3.896475000146893, "left_write_ms": 0.159298, "right_age_ms": 3.369623000253341, "right_write_ms": 0.109504, "sample": 2388, "score_ms": 191.31406800079276, "work_ms": 3.287327999714762, "worst_stage": "state_lookup_ms", "worst_stage_ms": 1.855275}
2026-08-12 12:14:26,986 WARNING DDS_HOLD_SLOW {"arm_age_ms": 2.273541000249679, "arm_write_ms": 0.59548, "at_s": 47.62624861400036, "cycle_ms": 182.03923500004748, "left_age_ms": 24.404927999967185, "left_write_ms": 0.126672, "right_age_ms": 25.038241999936872, "right_write_ms": 0.112796, "sample": 2298, "score_ms": 182.03923500004748, "work_ms": 2.1554109998760396, "worst_stage": "arm_write_ms", "worst_stage_ms": 0.59548}
2026-08-12 12:14:26,986 WARNING DDS_HOLD_SLOW {"arm_age_ms": 37.14875999958167, "arm_write_ms": 0.692067, "at_s": 74.28054186600002, "cycle_ms": 178.49128999932873, "left_age_ms": 3.046275999622594, "left_write_ms": 0.192382, "right_age_ms": 2.6938470000459347, "right_write_ms": 0.238633, "sample": 3035, "score_ms": 178.49128999932873, "work_ms": 2.6324700002078316, "worst_stage": "arm_crc_ms", "worst_stage_ms": 0.712401}
2026-08-12 12:14:26,986 WARNING DDS_HOLD_SLOW {"arm_age_ms": 39.23359399959736, "arm_write_ms": 0.517019, "at_s": 32.473210967999876, "cycle_ms": 177.47904099996958, "left_age_ms": 3.8017629995010793, "left_write_ms": 0.124921, "right_age_ms": 4.258654999830469, "right_write_ms": 0.063502, "sample": 1909, "score_ms": 177.47904099996958, "work_ms": 3.6604249999072636, "worst_stage": "state_lookup_ms", "worst_stage_ms": 1.767439}
2026-08-12 12:14:26,986 WARNING DDS_HOLD_SLOW {"arm_age_ms": 19.705546999830403, "arm_write_ms": 0.404431, "at_s": 61.867030462, "cycle_ms": 175.34243699992658, "left_age_ms": 2.6900559996647644, "left_write_ms": 0.367846, "right_age_ms": 2.531174999603536, "right_write_ms": 0.116296, "sample": 2677, "score_ms": 175.34243699992658, "work_ms": 2.4875899998733075, "worst_stage": "arm_state_check_ms", "worst_stage_ms": 0.426432}
2026-08-12 12:14:26,986 WARNING DDS_HOLD_SLOW {"arm_age_ms": 3.8883080005689408, "arm_write_ms": 0.548895, "at_s": 39.00744893200044, "cycle_ms": 171.2924359999306, "left_age_ms": 75.90634200005297, "left_write_ms": 0.141214, "right_age_ms": 1.9269450003776, "right_write_ms": 0.083462, "sample": 2036, "score_ms": 171.2924359999306, "work_ms": 1.6401840002799872, "worst_stage": "arm_write_ms", "worst_stage_ms": 0.548895}
2026-08-12 12:14:26,986 WARNING DDS_HOLD_SLOW {"arm_age_ms": 52.190475999850605, "arm_write_ms": 0.42564, "at_s": 54.26479101899986, "cycle_ms": 170.59347899976274, "left_age_ms": 2.184828999816091, "left_write_ms": 0.162715, "right_age_ms": 1.7637719993217615, "right_write_ms": 0.251301, "sample": 2474, "score_ms": 170.59347899976274, "work_ms": 1.6492679997099913, "worst_stage": "arm_write_ms", "worst_stage_ms": 0.42564}
2026-08-12 12:14:26,986 WARNING DDS_HOLD_SLOW {"arm_age_ms": 22.79895499941631, "arm_write_ms": 0.366597, "at_s": 35.15363347499988, "cycle_ms": 168.84634899997764, "left_age_ms": 2.7751009993153275, "left_write_ms": 0.144338, "right_age_ms": 2.5214669994966243, "right_write_ms": 0.081211, "sample": 1958, "score_ms": 168.84634899997764, "work_ms": 2.2497489999295794, "worst_stage": "arm_crc_ms", "worst_stage_ms": 0.486351}
2026-08-12 12:14:26,986 WARNING DDS_HOLD_SLOW {"arm_age_ms": 4.753422000248975, "arm_write_ms": 0.306719, "at_s": 56.425004613000056, "cycle_ms": 163.7183949997052, "left_age_ms": 63.66247499954625, "left_write_ms": 0.142047, "right_age_ms": 63.5029269997176, "right_write_ms": 0.064294, "sample": 2510, "score_ms": 163.7183949997052, "work_ms": 4.666251999879023, "worst_stage": "arm_crc_ms", "worst_stage_ms": 3.354163}
2026-08-12 12:14:26,986 WARNING DDS_HOLD_SLOW {"arm_age_ms": 83.5118679997322, "arm_write_ms": 0.345179, "at_s": 41.53996488800021, "cycle_ms": 161.37711400006083, "left_age_ms": 179.61986000045727, "left_write_ms": 0.292552, "right_age_ms": 179.76640699998825, "right_write_ms": 0.079919, "sample": 2114, "score_ms": 161.37711400006083, "work_ms": 83.12272900002426, "worst_stage": "arm_state_check_ms", "worst_stage_ms": 81.166116}
2026-08-12 12:14:26,986 WARNING DDS_HOLD_SLOW {"arm_age_ms": 204.9791509998613, "arm_write_ms": 1.016246, "at_s": 47.60148842400031, "cycle_ms": 45.44706600063364, "left_age_ms": 159.58287800003745, "left_write_ms": 0.139047, "right_age_ms": 159.9431820004611, "right_write_ms": 0.064169, "sample": 2297, "score_ms": 159.43445599987172, "work_ms": 159.43445599987172, "worst_stage": "arm_crc_ms", "worst_stage_ms": 26.144907}
2026-08-12 12:14:26,986 WARNING DDS_HOLD_SLOW {"arm_age_ms": 3.50833600077749, "arm_write_ms": 0.616564, "at_s": 21.271426140000585, "cycle_ms": 156.18848400026764, "left_age_ms": 36.35353300069255, "left_write_ms": 0.100212, "right_age_ms": 36.20306900029391, "right_write_ms": 1.403259, "sample": 1345, "score_ms": 156.18848400026764, "work_ms": 3.468959000201721, "worst_stage": "right_write_ms", "worst_stage_ms": 1.403259}
DDS_HOLD_TIMING_JSON={"achieved_hz": 40.53871069321625, "elapsed_s": 78.12285950500063, "hand_pause_count": 18, "hand_recovery_count": 18, "max_hand_pause_s": 0.698670882999977, "metrics": {"arm_age_ms": {"count": 3167, "max": 279.8218859998087, "mean": 7.249167859799035, "p50": 2.045782999630319, "p95": 31.02182360044025, "p99": 62.07497493986015}, "arm_crc_ms": {"count": 3167, "max": 113.081233, "mean": 0.934845284812125, "p50": 0.187257, "p95": 1.2256236999999996, "p99": 23.06679524000014}, "arm_state_check_ms": {"count": 3167, "max": 166.045745, "mean": 0.283691207136091, "p50": 0.063544, "p95": 0.3520502999999994, "p99": 0.9473912800000011}, "arm_write_ms": {"count": 3167, "max": 5.432614, "mean": 0.4057926236185665, "p50": 0.335054, "p95": 0.6917376999999999, "p99": 1.4977465600000044}, "cycle_ms": {"count": 3166, "max": 369.3081669998719, "mean": 24.61260885344272, "p50": 13.61376700015171, "p95": 75.57345275017724, "p99": 129.460860500194}, "lateness_ms": {"count": 3166, "max": 359.3081669998719, "mean": 14.612608853442719, "p50": 3.613767000151711, "p95": 65.57345275017724, "p99": 119.46086050019402}, "left_age_ms": {"count": 3167, "max": 228.0544999994163, "mean": 9.444838356484365, "p50": 2.479506999407022, "p95": 43.03956639978421, "p99": 87.09368969985013}, "left_write_ms": {"count": 3167, "max": 5.008516, "mean": 0.14431499273760656, "p50": 0.099545, "p95": 0.33350829999999987, "p99": 0.5578345000000013}, "publish_total_ms": {"count": 3167, "max": 167.050948, "mean": 2.516834867382381, "p50": 1.113207, "p95": 4.8702690999999945, "p99": 37.5634122800001}, "right_age_ms": {"count": 3167, "max": 227.9049529997792, "mean": 9.481156166073335, "p50": 2.4271289994430845, "p95": 43.07638189975476, "p99": 88.00646574023632}, "right_write_ms": {"count": 3167, "max": 15.494937, "mean": 0.12559481275655196, "p50": 0.079128, "p95": 0.3105278999999998, "p99": 0.5273348400000005}, "state_lookup_ms": {"count": 3167, "max": 139.139535, "mean": 0.270788274076413, "p50": 0.128379, "p95": 0.4038516999999999, "p99": 0.9019370600000018}, "work_ms": {"count": 3167, "max": 227.71327899954485, "mean": 3.6118378297877785, "p50": 1.4614280007663183, "p95": 10.410585500085274, "p99": 55.95591914030595}}, "overruns": {"cycle_over_100ms": 84, "cycle_over_20ms": 1089, "cycle_over_50ms": 339, "cycle_over_75ms": 160, "work_over_100ms": 9, "work_over_20ms": 106, "work_over_50ms": 39, "work_over_75ms": 16}, "period_ms": 10.0, "samples": 3167, "slowest": [{"arm_age_ms": 65.83792600031302, "arm_write_ms": 0.325762, "at_s": 66.25786722800058, "cycle_ms": 369.3081669998719, "left_age_ms": 2.267247999952815, "left_write_ms": 0.119712, "right_age_ms": 2.097367000715167, "right_write_ms": 0.108546, "sample": 2798, "score_ms": 369.3081669998719, "work_ms": 2.018364000832662, "worst_stage": "arm_write_ms", "worst_stage_ms": 0.325762}, {"arm_age_ms": 4.163775999586505, "arm_write_ms": 0.312387, "at_s": 37.39740452499973, "cycle_ms": 276.1914579996301, "left_age_ms": 2.2573319993171026, "left_write_ms": 0.090503, "right_age_ms": 1.496636999945622, "right_write_ms": 0.073211, "sample": 2002, "score_ms": 276.1914579996301, "work_ms": 1.3955089998489711, "worst_stage": "arm_write_ms", "worst_stage_ms": 0.312387}, {"arm_age_ms": 5.842169999596081, "arm_write_ms": 0.284552, "at_s": 64.8250438340001, "cycle_ms": 231.87002399936318, "left_age_ms": 2.0009889994980767, "left_write_ms": 0.116921, "right_age_ms": 2.1928710002612206, "right_write_ms": 0.203132, "sample": 2765, "score_ms": 231.87002399936318, "work_ms": 1.7771470002116985, "worst_stage": "arm_write_ms", "worst_stage_ms": 0.284552}, {"arm_age_ms": 238.2700799998929, "arm_write_ms": 0.352596, "at_s": 37.347530836999795, "cycle_ms": 17.82223099962721, "left_age_ms": 228.0544999994163, "left_write_ms": 0.185632, "right_age_ms": 227.9049529997792, "right_write_ms": 0.099045, "sample": 2001, "score_ms": 227.71327899954485, "work_ms": 227.71327899954485, "worst_stage": "arm_state_check_ms", "worst_stage_ms": 166.045745}, {"arm_age_ms": 1.695937000476988, "arm_write_ms": 0.484476, "at_s": 57.425137586000346, "cycle_ms": 225.2424999996947, "left_age_ms": 44.86895999980334, "left_write_ms": 0.102295, "right_age_ms": 44.716747000165924, "right_write_ms": 0.076169, "sample": 2528, "score_ms": 225.2424999996947, "work_ms": 1.6208920005738037, "worst_stage": "arm_write_ms", "worst_stage_ms": 0.484476}, {"arm_age_ms": 279.8218859998087, "arm_write_ms": 0.94941, "at_s": 64.81624126600036, "cycle_ms": 10.768849000669434, "left_age_ms": 225.04115199990338, "left_write_ms": 0.08717, "right_age_ms": 224.89506300007633, "right_write_ms": 0.167423, "sample": 2764, "score_ms": 224.84460299983766, "work_ms": 224.84460299983766, "worst_stage": "arm_write_ms", "worst_stage_ms": 0.94941}, {"arm_age_ms": 8.468807000099332, "arm_write_ms": 0.474434, "at_s": 55.8824051040001, "cycle_ms": 214.46590299910895, "left_age_ms": 2.9439399995681015, "left_write_ms": 0.124588, "right_age_ms": 2.7861010003107367, "right_write_ms": 0.063627, "sample": 2505, "score_ms": 214.46590299910895, "work_ms": 2.4258800003735814, "worst_stage": "arm_state_check_ms", "worst_stage_ms": 0.689775}, {"arm_age_ms": 16.03587499994319, "arm_write_ms": 0.347263, "at_s": 36.16735054899982, "cycle_ms": 199.58196700008557, "left_age_ms": 9.787146999769902, "left_write_ms": 0.097879, "right_age_ms": 9.926360999997996, "right_write_ms": 0.097795, "sample": 1976, "score_ms": 199.58196700008557, "work_ms": 9.099621999666851, "worst_stage": "arm_crc_ms", "worst_stage_ms": 7.366601}, {"arm_age_ms": 41.901896000126726, "arm_write_ms": 0.636523, "at_s": 50.87137640400033, "cycle_ms": 191.31406800079276, "left_age_ms": 3.896475000146893, "left_write_ms": 0.159298, "right_age_ms": 3.369623000253341, "right_write_ms": 0.109504, "sample": 2388, "score_ms": 191.31406800079276, "work_ms": 3.287327999714762, "worst_stage": "state_lookup_ms", "worst_stage_ms": 1.855275}, {"arm_age_ms": 2.273541000249679, "arm_write_ms": 0.59548, "at_s": 47.62624861400036, "cycle_ms": 182.03923500004748, "left_age_ms": 24.404927999967185, "left_write_ms": 0.126672, "right_age_ms": 25.038241999936872, "right_write_ms": 0.112796, "sample": 2298, "score_ms": 182.03923500004748, "work_ms": 2.1554109998760396, "worst_stage": "arm_write_ms", "worst_stage_ms": 0.59548}, {"arm_age_ms": 37.14875999958167, "arm_write_ms": 0.692067, "at_s": 74.28054186600002, "cycle_ms": 178.49128999932873, "left_age_ms": 3.046275999622594, "left_write_ms": 0.192382, "right_age_ms": 2.6938470000459347, "right_write_ms": 0.238633, "sample": 3035, "score_ms": 178.49128999932873, "work_ms": 2.6324700002078316, "worst_stage": "arm_crc_ms", "worst_stage_ms": 0.712401}, {"arm_age_ms": 39.23359399959736, "arm_write_ms": 0.517019, "at_s": 32.473210967999876, "cycle_ms": 177.47904099996958, "left_age_ms": 3.8017629995010793, "left_write_ms": 0.124921, "right_age_ms": 4.258654999830469, "right_write_ms": 0.063502, "sample": 1909, "score_ms": 177.47904099996958, "work_ms": 3.6604249999072636, "worst_stage": "state_lookup_ms", "worst_stage_ms": 1.767439}, {"arm_age_ms": 19.705546999830403, "arm_write_ms": 0.404431, "at_s": 61.867030462, "cycle_ms": 175.34243699992658, "left_age_ms": 2.6900559996647644, "left_write_ms": 0.367846, "right_age_ms": 2.531174999603536, "right_write_ms": 0.116296, "sample": 2677, "score_ms": 175.34243699992658, "work_ms": 2.4875899998733075, "worst_stage": "arm_state_check_ms", "worst_stage_ms": 0.426432}, {"arm_age_ms": 3.8883080005689408, "arm_write_ms": 0.548895, "at_s": 39.00744893200044, "cycle_ms": 171.2924359999306, "left_age_ms": 75.90634200005297, "left_write_ms": 0.141214, "right_age_ms": 1.9269450003776, "right_write_ms": 0.083462, "sample": 2036, "score_ms": 171.2924359999306, "work_ms": 1.6401840002799872, "worst_stage": "arm_write_ms", "worst_stage_ms": 0.548895}, {"arm_age_ms": 52.190475999850605, "arm_write_ms": 0.42564, "at_s": 54.26479101899986, "cycle_ms": 170.59347899976274, "left_age_ms": 2.184828999816091, "left_write_ms": 0.162715, "right_age_ms": 1.7637719993217615, "right_write_ms": 0.251301, "sample": 2474, "score_ms": 170.59347899976274, "work_ms": 1.6492679997099913, "worst_stage": "arm_write_ms", "worst_stage_ms": 0.42564}, {"arm_age_ms": 22.79895499941631, "arm_write_ms": 0.366597, "at_s": 35.15363347499988, "cycle_ms": 168.84634899997764, "left_age_ms": 2.7751009993153275, "left_write_ms": 0.144338, "right_age_ms": 2.5214669994966243, "right_write_ms": 0.081211, "sample": 1958, "score_ms": 168.84634899997764, "work_ms": 2.2497489999295794, "worst_stage": "arm_crc_ms", "worst_stage_ms": 0.486351}, {"arm_age_ms": 4.753422000248975, "arm_write_ms": 0.306719, "at_s": 56.425004613000056, "cycle_ms": 163.7183949997052, "left_age_ms": 63.66247499954625, "left_write_ms": 0.142047, "right_age_ms": 63.5029269997176, "right_write_ms": 0.064294, "sample": 2510, "score_ms": 163.7183949997052, "work_ms": 4.666251999879023, "worst_stage": "arm_crc_ms", "worst_stage_ms": 3.354163}, {"arm_age_ms": 83.5118679997322, "arm_write_ms": 0.345179, "at_s": 41.53996488800021, "cycle_ms": 161.37711400006083, "left_age_ms": 179.61986000045727, "left_write_ms": 0.292552, "right_age_ms": 179.76640699998825, "right_write_ms": 0.079919, "sample": 2114, "score_ms": 161.37711400006083, "work_ms": 83.12272900002426, "worst_stage": "arm_state_check_ms", "worst_stage_ms": 81.166116}, {"arm_age_ms": 204.9791509998613, "arm_write_ms": 1.016246, "at_s": 47.60148842400031, "cycle_ms": 45.44706600063364, "left_age_ms": 159.58287800003745, "left_write_ms": 0.139047, "right_age_ms": 159.9431820004611, "right_write_ms": 0.064169, "sample": 2297, "score_ms": 159.43445599987172, "work_ms": 159.43445599987172, "worst_stage": "arm_crc_ms", "worst_stage_ms": 26.144907}, {"arm_age_ms": 3.50833600077749, "arm_write_ms": 0.616564, "at_s": 21.271426140000585, "cycle_ms": 156.18848400026764, "left_age_ms": 36.35353300069255, "left_write_ms": 0.100212, "right_age_ms": 36.20306900029391, "right_write_ms": 1.403259, "sample": 1345, "score_ms": 156.18848400026764, "work_ms": 3.468959000201721, "worst_stage": "right_write_ms", "worst_stage_ms": 1.403259}]}
2026-08-12 12:14:26,986 ERROR DDS_HOLD_FAILED DeploymentError: Actuator process is unhealthy: fault: TimeoutError: Stale Unitree state: arm (age 0.078s > 0.075s)
